// Jest Snapshot v1, https://goo.gl/fbAQLP

exports[`should render EditExpensePage correctly 1`] = `
<div>
  <h3>
    Edit Expense
  </h3>
  <ExpenseForm
    expense={
      Object {
        "amount": 50000,
        "createdAt": -345600000,
        "description": "Rent",
        "id": "2",
      }
    }
    onSubmit={[Function]}
  />
  <button
    className="removeButton"
    onClick={[Function]}
  >
    Remove
  </button>
</div>
`;
