// Jest Snapshot v1, https://goo.gl/fbAQLP

exports[`should render ExpenseListItem 1`] = `
<div>
  <Link
    replace={false}
    to="/edit/1"
  >
    <h3>
      Food
    </h3>
  </Link>
  <p>
    $
    40.00
  </p>
  <p>
    31 Dec 1969
  </p>
</div>
`;
