// Jest Snapshot v1, https://goo.gl/fbAQLP

exports[`should ouput NotFound page 1`] = `
<div>
  <p>
    404 Not Found!
  </p>
  <Link
    replace={false}
    to="/"
  >
    Home
  </Link>
   
</div>
`;
